Bob
Alice
Alice
Alice
Alice
Alice
Bob
Alice
Bob
Bob
Bob
Alice
Alice
Alice
Bob
