Alice
Bob
Bob
Bob
Bob
Bob
Bob
Bob
Bob
Bob
Bob
Bob
